[templates.themekit.dev/execoore/index.html]
[backblue.gif]
[fade.gif]
[index.html]
[templates.themekit.dev/execoore/themekit/scripts/jquery.min.js]
[templates.themekit.dev/execoore/themekit/scripts/main.js]
[templates.themekit.dev/execoore/themekit/css/bootstrap-grid.css]
[templates.themekit.dev/execoore/themekit/css/style.css]
[templates.themekit.dev/execoore/themekit/css/glide.css]
[templates.themekit.dev/execoore/themekit/css/magnific-popup.css]
[templates.themekit.dev/execoore/themekit/css/content-box.css]
[templates.themekit.dev/execoore/themekit/css/contact-form.css]
[templates.themekit.dev/execoore/themekit/css/media-box.css]
[templates.themekit.dev/execoore/skin.css]
[templates.themekit.dev/execoore/media/favicon.png]
[templates.themekit.dev/execoore/media/logo.svg]
[templates.themekit.dev/execoore/index-2.html]
[templates.themekit.dev/execoore/index-3.html]
[templates.themekit.dev/execoore/index-4.html]
[templates.themekit.dev/execoore/about.html]
[templates.themekit.dev/execoore/team.html]
[templates.themekit.dev/execoore/history.html]
[templates.themekit.dev/execoore/service-1.html]
[templates.themekit.dev/execoore/service-2.html]
[templates.themekit.dev/execoore/service-3.html]
[templates.themekit.dev/execoore/prices.html]
[templates.themekit.dev/execoore/faq.html]
[templates.themekit.dev/execoore/events.html]
[templates.themekit.dev/execoore/gallery.html]
[templates.themekit.dev/execoore/career.html]
[templates.themekit.dev/execoore/elements/components/buttons.html]
[templates.themekit.dev/execoore/projects-1.html]
[templates.themekit.dev/execoore/projects-2.html]
[templates.themekit.dev/execoore/projects-3.html]
[templates.themekit.dev/execoore/project-1.html]
[templates.themekit.dev/execoore/project-2.html]
[templates.themekit.dev/execoore/blog-1.html]
[templates.themekit.dev/execoore/blog-2.html]
[templates.themekit.dev/execoore/blog-3.html]
[templates.themekit.dev/execoore/post-1.html]
[templates.themekit.dev/execoore/post-2.html]
[templates.themekit.dev/execoore/post-3.html]
[templates.themekit.dev/execoore/contacts-1.html]
[templates.themekit.dev/execoore/contacts-2.html]
[templates.themekit.dev/execoore/contacts-3.html]
[templates.themekit.dev/execoore/media/shop/shop-2.png]
[templates.themekit.dev/execoore/media/shop/shop-6.png]
[templates.themekit.dev/execoore/media/en.png]
[templates.themekit.dev/execoore/media/it.png]
[templates.themekit.dev/execoore/media/es.png]
[templates.themekit.dev/execoore/media/hd-1.jpg]
[templates.themekit.dev/execoore/media/man-3.png]
[templates.themekit.dev/execoore/media/image-3.jpg]
[templates.themekit.dev/execoore/media/image-16.jpg]
[templates.themekit.dev/execoore/media/sign-dark.png]
[templates.themekit.dev/execoore/media/image-17.jpg]
[templates.themekit.dev/execoore/media/image-9.jpg]
[templates.themekit.dev/execoore/media/image-5.jpg]
[templates.themekit.dev/execoore/media/image-11.jpg]
[templates.themekit.dev/execoore/media/image-12.jpg]
[templates.themekit.dev/execoore/media/hd-4.jpg]
[templates.themekit.dev/execoore/media/logos/white/logo-1.png]
[templates.themekit.dev/execoore/media/logos/white/logo-3.png]
[templates.themekit.dev/execoore/media/logos/white/logo-5.png]
[templates.themekit.dev/execoore/media/logos/white/logo-6.png]
[templates.themekit.dev/execoore/media/logos/white/logo-4.png]
[templates.themekit.dev/execoore/media/logos/white/logo-2.png]
[templates.themekit.dev/execoore/media/user-1.jpg]
[templates.themekit.dev/execoore/media/user-5.jpg]
[templates.themekit.dev/execoore/media/user-3.jpg]
[templates.themekit.dev/execoore/media/user-4.jpg]
[templates.themekit.dev/execoore/media/box-3.png]
[templates.themekit.dev/execoore/media/box-4.png]
[templates.themekit.dev/execoore/media/ui-1.jpg]
[templates.themekit.dev/execoore/media/ui-2.jpg]
[templates.themekit.dev/execoore/media/ui-3.jpg]
[templates.themekit.dev/execoore/media/ui-4.jpg]
[templates.themekit.dev/execoore/media/user-9.jpg]
[templates.themekit.dev/execoore/themekit/media/icons/iconsmind/line-icons.min.css]
[templates.themekit.dev/execoore/themekit/scripts/parallax.min.js]
[templates.themekit.dev/execoore/themekit/scripts/glide.min.js]
[templates.themekit.dev/execoore/themekit/scripts/magnific-popup.min.js]
[templates.themekit.dev/execoore/themekit/scripts/tab-accordion.js]
[templates.themekit.dev/execoore/themekit/scripts/imagesloaded.min.js]
[templates.themekit.dev/execoore/themekit/scripts/progress.js]
[templates.themekit.dev/execoore/themekit/scripts/contact-form/contact-form.js]
[templates.themekit.dev/execoore/index.html]
[templates.themekit.dev/execoore/themekit/css/bootstrap-grid.css]
[themekit.dev/tools/sidebar/sidebar.js]
[templates.themekit.dev/execoore/themekit/media/icons/icons.eot]
[templates.themekit.dev/execoore/themekit/media/icons/iconsd41d.eot]
[templates.themekit.dev/execoore/themekit/media/icons/icons.woff]
[templates.themekit.dev/execoore/themekit/media/icons/icons.ttf]
[templates.themekit.dev/execoore/themekit/media/icons/iconsca27.svg]
[templates.themekit.dev/execoore/themekit/css/style.css]
[templates.themekit.dev/execoore/themekit/css/glide.css]
[templates.themekit.dev/execoore/themekit/css/magnific-popup.css]
[templates.themekit.dev/execoore/themekit/css/content-box.css]
[templates.themekit.dev/execoore/themekit/css/contact-form.css]
[templates.themekit.dev/execoore/themekit/css/media-box.css]
[templates.themekit.dev/execoore/skin.css]
[templates.themekit.dev/execoore/media/logo.svg]
[templates.themekit.dev/execoore/index-2.html]
[templates.themekit.dev/execoore/themekit/media/loader.svg]
[templates.themekit.dev/execoore/media/video-poster.jpg]
[templates.themekit.dev/execoore/media/video.mp4]
[templates.themekit.dev/execoore/media/image-8.jpg]
[templates.themekit.dev/execoore/media/image-6.jpg]
[templates.themekit.dev/execoore/media/image-4.jpg]
[templates.themekit.dev/execoore/media/image-7.jpg]
[templates.themekit.dev/execoore/media/image-1.jpg]
[templates.themekit.dev/execoore/media/image-2.jpg]
[templates.themekit.dev/execoore/media/box-1.png]
[templates.themekit.dev/execoore/media/box-2.png]
[templates.themekit.dev/execoore/media/logos/logo-1.png]
[templates.themekit.dev/execoore/media/logos/logo-3.png]
[templates.themekit.dev/execoore/media/logos/logo-2.png]
[templates.themekit.dev/execoore/media/logos/logo-4.png]
[templates.themekit.dev/execoore/media/logos/logo-5.png]
[templates.themekit.dev/execoore/index-3.html]
[templates.themekit.dev/execoore/themekit/scripts/custom.js]
[templates.themekit.dev/execoore/themekit/css/social.css]
[templates.themekit.dev/execoore/media/mk-1.png]
[templates.themekit.dev/execoore/media/image-450.jpg]
[templates.themekit.dev/execoore/media/man-2.png]
[templates.themekit.dev/execoore/index-4.html]
[templates.themekit.dev/execoore/about.html]
[templates.themekit.dev/execoore/themekit/scripts/pagination.min.js]
[templates.themekit.dev/execoore/media/user-2.jpg]
[templates.themekit.dev/execoore/media/user-6.jpg]
[templates.themekit.dev/execoore/media/user-7.jpg]
[templates.themekit.dev/execoore/media/user-8.jpg]
[templates.themekit.dev/execoore/team.html]
[templates.themekit.dev/execoore/history.html]
[templates.themekit.dev/execoore/service-1.html]
[templates.themekit.dev/execoore/service-2.html]
[templates.themekit.dev/execoore/service-3.html]
[templates.themekit.dev/execoore/prices.html]
[templates.themekit.dev/execoore/faq.html]
[templates.themekit.dev/execoore/themekit/scripts/sticky-kit.min.js]
[templates.themekit.dev/execoore/media/long-1.jpg]
[templates.themekit.dev/execoore/events.html]
[templates.themekit.dev/execoore/gallery.html]
[templates.themekit.dev/execoore/career.html]
[templates.themekit.dev/execoore/elements/components/contact-form.html]
[templates.themekit.dev/execoore/elements/components/content-box.html]
[templates.themekit.dev/execoore/elements/components/countdown.html]
[templates.themekit.dev/execoore/elements/components/counter.html]
[templates.themekit.dev/execoore/elements/components/icons.html]
[templates.themekit.dev/execoore/elements/components/image-box.html]
[templates.themekit.dev/execoore/elements/components/inner-menu.html]
[templates.themekit.dev/execoore/elements/components/lists.html]
[templates.themekit.dev/execoore/elements/components/map.html]
[templates.themekit.dev/execoore/elements/components/media-box.html]
[templates.themekit.dev/execoore/elements/components/progress-bar.html]
[templates.themekit.dev/execoore/elements/components/social.html]
[templates.themekit.dev/execoore/elements/components/table.html]
[templates.themekit.dev/execoore/elements/components/timeline.html]
[templates.themekit.dev/execoore/elements/components/typography.html]
[templates.themekit.dev/execoore/elements/containers/accordion.html]
[templates.themekit.dev/execoore/elements/containers/album.html]
[templates.themekit.dev/execoore/elements/containers/collapse.html]
[templates.themekit.dev/execoore/elements/containers/fixed-area.html]
[templates.themekit.dev/execoore/elements/containers/grid.html]
[templates.themekit.dev/execoore/elements/containers/lightbox.html]
[templates.themekit.dev/execoore/elements/containers/masonry.html]
[templates.themekit.dev/execoore/elements/containers/scroll-box.html]
[templates.themekit.dev/execoore/elements/containers/slider.html]
[templates.themekit.dev/execoore/elements/containers/steps.html]
[templates.themekit.dev/execoore/elements/containers/tab.html]
[templates.themekit.dev/execoore/elements/sections/base.html]
[templates.themekit.dev/execoore/elements/sections/image.html]
[templates.themekit.dev/execoore/elements/sections/slider.html]
[templates.themekit.dev/execoore/elements/sections/video.html]
[templates.themekit.dev/execoore/elements/sections/block.html]
[templates.themekit.dev/execoore/elements/sections/map.html]
[templates.themekit.dev/execoore/elements/navs/big-box.html]
[templates.themekit.dev/execoore/elements/navs/classic.html]
[templates.themekit.dev/execoore/elements/navs/classic-transparent.html]
[templates.themekit.dev/execoore/elements/navs/icon.html]
[templates.themekit.dev/execoore/elements/navs/icon-top.html]
[templates.themekit.dev/execoore/elements/navs/side.html]
[templates.themekit.dev/execoore/elements/navs/side-collapse.html]
[templates.themekit.dev/execoore/elements/navs/subtitle.html]
[templates.themekit.dev/execoore/elements/navs/top-logo.html]
[templates.themekit.dev/execoore/elements/navs/classic-dropdown.html]
[templates.themekit.dev/execoore/elements/headers/image.html]
[templates.themekit.dev/execoore/elements/headers/slider.html]
[templates.themekit.dev/execoore/elements/headers/video.html]
[templates.themekit.dev/execoore/elements/components/buttons.html]
[templates.themekit.dev/execoore/elements/headers/base.html]
[templates.themekit.dev/execoore/service-4.html]
[templates.themekit.dev/execoore/media/wide-large-1.jpg]
[templates.themekit.dev/execoore/media/wide-large-2.jpg]
[templates.themekit.dev/execoore/media/image-14.jpg]
[templates.themekit.dev/execoore/media/image-15.jpg]
[templates.themekit.dev/execoore/media/image-10.jpg]
[templates.themekit.dev/execoore/projects-1.html]
[templates.themekit.dev/execoore/projects-2.html]
[templates.themekit.dev/execoore/projects-3.html]
[templates.themekit.dev/execoore/themekit/scripts/isotope.min.js]
[templates.themekit.dev/execoore/media/image-13.jpg]
[templates.themekit.dev/execoore/project-1.html]
[templates.themekit.dev/execoore/project-2.html]
[templates.themekit.dev/execoore/media/square-1.jpg]
[templates.themekit.dev/execoore/media/square-2.jpg]
[templates.themekit.dev/execoore/media/square-3.jpg]
[templates.themekit.dev/execoore/media/square-4.jpg]
[templates.themekit.dev/execoore/blog-1.html]
[templates.themekit.dev/execoore/blog-2.html]
[templates.themekit.dev/execoore/blog-3.html]
[templates.themekit.dev/execoore/themekit/scripts/social.min.js]
[templates.themekit.dev/execoore/blog.html]
[templates.themekit.dev/execoore/post-1.html]
[templates.themekit.dev/execoore/post-2.html]
[templates.themekit.dev/execoore/post-3.html]
[templates.themekit.dev/execoore/contacts-1.html]
[templates.themekit.dev/execoore/contacts-2.html]
[templates.themekit.dev/execoore/contacts-3.html]
[templates.themekit.dev/execoore/themekit/scripts/maps.min.js]
[templates.themekit.dev/execoore/themekit/media/icons/iconsmind/line-icons-fonts/icomoon.eot]
[templates.themekit.dev/execoore/themekit/media/icons/iconsmind/line-icons-fonts/icomoond41d.eot]
[templates.themekit.dev/execoore/themekit/media/icons/iconsmind/line-icons-fonts/icomoon.woff]
[templates.themekit.dev/execoore/themekit/media/icons/iconsmind/line-icons-fonts/icomoonca27.svg]
[templates.themekit.dev/execoore/themekit/media/icons/iconsmind/line-icons.min.css]
[templates.themekit.dev/execoore/themekit/media/icons/iconsca27.html]
[templates.themekit.dev/execoore/themekit/media/loader.svg]
[templates.themekit.dev/execoore/themekit/css/social.css]
[templates.themekit.dev/execoore/elements/components/contact-form.html]
[templates.themekit.dev/execoore/themekit/scripts/contact-form/datepicker.min.js]
[templates.themekit.dev/execoore/themekit/media/icons/iconsmind/line-icons-fonts/icomoon.ttf]
[themekit.dev/shared/thumbs/square.png]
[themekit.dev/shared/thumbs/wide.png]
[themekit.dev/shared/thumbs/wide-empty.png]
[themekit.dev/shared/thumbs/square-empty.png]
[themekit.dev/shared/thumbs/user.png]
[templates.themekit.dev/execoore/elements/components/content-box.html]
[templates.themekit.dev/execoore/elements/components/countdown.html]
[templates.themekit.dev/execoore/elements/components/counter.html]
[templates.themekit.dev/execoore/elements/components/icons.html]
[templates.themekit.dev/execoore/elements/components/image-box.html]
[templates.themekit.dev/execoore/elements/components/inner-menu.html]
[templates.themekit.dev/execoore/elements/components/lists.html]
[templates.themekit.dev/execoore/elements/components/map.html]
[templates.themekit.dev/execoore/elements/components/media-box.html]
[templates.themekit.dev/execoore/elements/components/progress-bar.html]
[templates.themekit.dev/execoore/elements/components/social.html]
[templates.themekit.dev/execoore/elements/components/table.html]
[templates.themekit.dev/execoore/elements/components/timeline.html]
[templates.themekit.dev/execoore/elements/components/typography.html]
[templates.themekit.dev/execoore/elements/containers/accordion.html]
[templates.themekit.dev/execoore/elements/containers/album.html]
[templates.themekit.dev/execoore/elements/containers/collapse.html]
[templates.themekit.dev/execoore/elements/containers/fixed-area.html]
[templates.themekit.dev/execoore/elements/containers/grid.html]
[templates.themekit.dev/execoore/elements/containers/lightbox.html]
[templates.themekit.dev/execoore/elements/containers/masonry.html]
[templates.themekit.dev/execoore/elements/containers/scroll-box.html]
[templates.themekit.dev/execoore/elements/containers/slider.html]
[templates.themekit.dev/execoore/elements/containers/steps.html]
[templates.themekit.dev/execoore/elements/containers/tab.html]
[templates.themekit.dev/execoore/elements/sections/base.html]
[templates.themekit.dev/execoore/themekit/scripts/slimscroll.min.js]
[themekit.dev/shared/thumbs/hd-empty.png]
[templates.themekit.dev/execoore/elements/sections/image.html]
[themekit.dev/shared/thumbs/hd.png]
[templates.themekit.dev/execoore/elements/sections/slider.html]
[templates.themekit.dev/execoore/elements/sections/video.html]
[templates.themekit.dev/execoore/elements/sections/block.html]
[templates.themekit.dev/execoore/elements/sections/map.html]
[templates.themekit.dev/execoore/elements/navs/big-box.html]
[templates.themekit.dev/execoore/elements/navs/classic.html]
[templates.themekit.dev/execoore/elements/navs/classic-transparent.html]
[templates.themekit.dev/execoore/elements/navs/icon.html]
[templates.themekit.dev/execoore/elements/navs/icon-top.html]
[templates.themekit.dev/execoore/elements/navs/side.html]
[templates.themekit.dev/execoore/elements/navs/side-collapse.html]
[templates.themekit.dev/execoore/elements/navs/subtitle.html]
[templates.themekit.dev/execoore/elements/navs/top-logo.html]
[templates.themekit.dev/execoore/elements/navs/classic-dropdown.html]
[templates.themekit.dev/execoore/elements/headers/image.html]
[templates.themekit.dev/execoore/elements/headers/slider.html]
[templates.themekit.dev/execoore/elements/headers/video.html]
[templates.themekit.dev/execoore/elements/headers/base.html]
[templates.themekit.dev/execoore/service-4.html]
[templates.themekit.dev/execoore/blog.html]
[templates.themekit.dev/execoore/themekit/media/icons/iconsmind/line-icons-fonts/icomoonca27.html]
